Nothing to build in platform 'int_gen_plat'

19:35:01 **** Build of configuration Debug for project int_gen_app2 ****
make all 
make --no-print-directory pre-build
a9-linaro-pre-build-step
' '
make --no-print-directory main-build
'Building file: ../src/helloworld.c'
'Invoking: ARM v7 gcc compiler'
arm-none-eabi-gcc -Wall -O0 -g3 -c -fmessage-length=0 -MT"src/helloworld.o" -mcpu=cortex-a9 -mfpu=vfpv3 -mfloat-abi=hard -IC:/Users/ER250/OneDrive/Documents/ECE520_SOC/ECE520_SandBox/int_gen_soc_re/int_gen_soc_vitis/int_gen_plat/export/int_gen_plat/sw/int_gen_plat/standalone_domain/bspinclude/include -MMD -MP -MF"src/helloworld.d" -MT"src/helloworld.o" -o "src/helloworld.o" "../src/helloworld.c"
'Finished building: ../src/helloworld.c'
' '
'Building file: ../src/platform.c'
'Invoking: ARM v7 gcc compiler'
arm-none-eabi-gcc -Wall -O0 -g3 -c -fmessage-length=0 -MT"src/platform.o" -mcpu=cortex-a9 -mfpu=vfpv3 -mfloat-abi=hard -IC:/Users/ER250/OneDrive/Documents/ECE520_SOC/ECE520_SandBox/int_gen_soc_re/int_gen_soc_vitis/int_gen_plat/export/int_gen_plat/sw/int_gen_plat/standalone_domain/bspinclude/include -MMD -MP -MF"src/platform.d" -MT"src/platform.o" -o "src/platform.o" "../src/platform.c"
'Finished building: ../src/platform.c'
' '
'Building target: int_gen_app2.elf'
'Invoking: ARM v7 gcc linker'
arm-none-eabi-gcc -mcpu=cortex-a9 -mfpu=vfpv3 -mfloat-abi=hard -Wl,-build-id=none -specs=Xilinx.spec -Wl,-T -Wl,../src/lscript.ld -LC:/Users/ER250/OneDrive/Documents/ECE520_SOC/ECE520_SandBox/int_gen_soc_re/int_gen_soc_vitis/int_gen_plat/export/int_gen_plat/sw/int_gen_plat/standalone_domain/bsplib/lib -o "int_gen_app2.elf"  ./src/helloworld.o ./src/platform.o   -Wl,--start-group,-lxil,-lgcc,-lc,--end-group
'Finished building target: int_gen_app2.elf'
' '
'Invoking: ARM v7 Print Size'
arm-none-eabi-size int_gen_app2.elf  |tee "int_gen_app2.elf.size"
   text	   data	    bss	    dec	    hex	filename
  28655	   1920	  22616	  53191	   cfc7	int_gen_app2.elf
'Finished building: int_gen_app2.elf.size'
' '
19:35:12 **** Build of configuration Debug for project int_gen_app2_system ****
make all 
Generating bif file for the system project
generate_system_bif.bat 64199 C:/Users/ER250/OneDrive/Documents/ECE520_SOC/ECE520_SandBox/int_gen_soc_re/int_gen_soc_vitis/int_gen_plat/export/int_gen_plat/int_gen_plat.xpfm standalone_domain C:/Users/ER250/OneDrive/Documents/ECE520_SOC/ECE520_SandBox/int_gen_soc_re/int_gen_soc_vitis/int_gen_app2_system/Debug/system.bif
ECHO is off.
ECHO is off.
sdcard_gen --xpfm C:/Users/ER250/OneDrive/Documents/ECE520_SOC/ECE520_SandBox/int_gen_soc_re/int_gen_soc_vitis/int_gen_plat/export/int_gen_plat/int_gen_plat.xpfm --sys_config int_gen_plat --bif C:/Users/ER250/OneDrive/Documents/ECE520_SOC/ECE520_SandBox/int_gen_soc_re/int_gen_soc_vitis/int_gen_app2_system/Debug/system.bif --bitstream C:/Users/ER250/OneDrive/Documents/ECE520_SOC/ECE520_SandBox/int_gen_soc_re/int_gen_soc_vitis/int_gen_app2/_ide/bitstream/int_gen_bd_re_wrapper.bit --elf C:/Users/ER250/OneDrive/Documents/ECE520_SOC/ECE520_SandBox/int_gen_soc_re/int_gen_soc_vitis/int_gen_app2/Debug/int_gen_app2.elf,ps7_cortexa9_0
ECHO is off.
ECHO is off.
creating BOOT.BIN using C:/Users/ER250/OneDrive/Documents/ECE520_SOC/ECE520_SandBox/int_gen_soc_re/int_gen_soc_vitis/int_gen_app2/_ide/bitstream/int_gen_bd_re_wrapper.bit
Running C:/Xilinx/Vitis/2023.1/bin/bootgen  -image C:/Users/ER250/OneDrive/Documents/ECE520_SOC/ECE520_SandBox/int_gen_soc_re/int_gen_soc_vitis/int_gen_app2_system/Debug/sd_card_temp/boot.bif -w -o i BOOT.BIN
