Copyright 1986-2022 Xilinx, Inc. All Rights Reserved. Copyright 2022-2023 Advanced Micro Devices, Inc. All Rights Reserved.
---------------------------------------------------------------------------------------------------------------------------------------------
| Tool Version : Vivado v.2023.1 (win64) Build 3865809 Sun May  7 15:05:29 MDT 2023
| Date         : Sun Mar 29 19:21:49 2026
| Host         : Daddy_RodrigoLT running 64-bit major release  (build 9200)
| Command      : upgrade_ip
| Device       : xc7z010clg400-1
---------------------------------------------------------------------------------------------------------------------------------------------

Upgrade Log for IP 'int_gen_bd_re_interrupt_generator_0_0'

1. Summary
----------

SUCCESS in the upgrade of int_gen_bd_re_interrupt_generator_0_0 (xilinx.com:user:interrupt_generator:1.0) from (Rev. 2) to (Rev. 3)






Copyright 1986-2022 Xilinx, Inc. All Rights Reserved. Copyright 2022-2023 Advanced Micro Devices, Inc. All Rights Reserved.
---------------------------------------------------------------------------------------------------------------------------------------------
| Tool Version : Vivado v.2023.1 (win64) Build 3865809 Sun May  7 15:05:29 MDT 2023
| Date         : Mon Mar 16 21:16:39 2026
| Host         : Daddy_RodrigoLT running 64-bit major release  (build 9200)
| Command      : upgrade_ip
| Device       : xc7z010clg400-1
---------------------------------------------------------------------------------------------------------------------------------------------

Upgrade Log for IP 'int_gen_bd_re_interrupt_generator_0_0'

1. Summary
----------

SUCCESS in the upgrade of int_gen_bd_re_interrupt_generator_0_0 (xilinx.com:user:interrupt_generator:1.0) from (Rev. 4) to (Rev. 2)

